MPLINK 5.09, LINKER
Linker Map File - Created Tue Aug 20 13:06:38 2019

                                 Section Info
                  Section       Type    Address   Location Size(Bytes)
                ---------  ---------  ---------  ---------  ---------
                 RES_VECT       code   0x000000    program   0x000004
                   .cinit    romdata   0x000002    program   0x000004
                MAIN_PROG       code   0x000004    program   0x000048
.config_8007_BUILD/DEFAULT/DEBUG/NEWPIC_8B_GE       code   0x008007    program   0x000002
.config_8008_BUILD/DEFAULT/DEBUG/NEWPIC_8B_GE       code   0x008008    program   0x000002
               .udata_shr      udata   0x000070       data   0x000001



                              Program Memory Usage 
                               Start         End      
                           ---------   ---------      
                            0x000000    0x000027      
                            0x008007    0x008008      
            42 out of 8455 program addresses used, program memory utilization is 0%



                              Symbols - Sorted by Name
                     Name    Address   Location    Storage File                     
                ---------  ---------  ---------  --------- ---------                
                    DELAY   0x00001d    program     static /Users/luchixiang/MPLABXProjects/test2.X/newpic_8b_general.asm
                     INIT   0x000004    program     static /Users/luchixiang/MPLABXProjects/test2.X/newpic_8b_general.asm
                     MAIN   0x000012    program     static /Users/luchixiang/MPLABXProjects/test2.X/newpic_8b_general.asm
                DELAYVAR1   0x000070       data     static /Users/luchixiang/MPLABXProjects/test2.X/newpic_8b_general.asm



                              Symbols - Sorted by Address
                     Name    Address   Location    Storage File                     
                ---------  ---------  ---------  --------- ---------                
                     INIT   0x000004    program     static /Users/luchixiang/MPLABXProjects/test2.X/newpic_8b_general.asm
                     MAIN   0x000012    program     static /Users/luchixiang/MPLABXProjects/test2.X/newpic_8b_general.asm
                    DELAY   0x00001d    program     static /Users/luchixiang/MPLABXProjects/test2.X/newpic_8b_general.asm
                DELAYVAR1   0x000070       data     static /Users/luchixiang/MPLABXProjects/test2.X/newpic_8b_general.asm


