MPLINK 5.09, LINKER
Linker Map File - Created Thu Aug 22 15:31:38 2019

                                 Section Info
                  Section       Type    Address   Location Size(Bytes)
                ---------  ---------  ---------  ---------  ---------
                 RES_VECT       code   0x000000    program   0x000004
                   .cinit    romdata   0x000002    program   0x000004
                      ISR       code   0x000040    program   0x00006e
.config_8007_BUILD/DEFAULT/DEBUG/NEWPIC_8B_SI       code   0x008007    program   0x000002
.config_8008_BUILD/DEFAULT/DEBUG/NEWPIC_8B_SI       code   0x008008    program   0x000002



                              Program Memory Usage 
                               Start         End      
                           ---------   ---------      
                            0x000000    0x000003      
                            0x000040    0x000076      
                            0x008007    0x008008      
            61 out of 8455 program addresses used, program memory utilization is 0%



                              Symbols - Sorted by Name
                     Name    Address   Location    Storage File                     
                ---------  ---------  ---------  --------- ---------                
                   LIGHT1   0x00004f    program     static /Users/luchixiang/MPLABXProjects/experiment3.X/newpic_8b_simple.asm
                   LIGHT2   0x000055    program     static /Users/luchixiang/MPLABXProjects/experiment3.X/newpic_8b_simple.asm
                   LIGHT3   0x000059    program     static /Users/luchixiang/MPLABXProjects/experiment3.X/newpic_8b_simple.asm
                 MAINLOOP   0x000075    program     static /Users/luchixiang/MPLABXProjects/experiment3.X/newpic_8b_simple.asm
                    START   0x00005d    program     static /Users/luchixiang/MPLABXProjects/experiment3.X/newpic_8b_simple.asm



                              Symbols - Sorted by Address
                     Name    Address   Location    Storage File                     
                ---------  ---------  ---------  --------- ---------                
                   LIGHT1   0x00004f    program     static /Users/luchixiang/MPLABXProjects/experiment3.X/newpic_8b_simple.asm
                   LIGHT2   0x000055    program     static /Users/luchixiang/MPLABXProjects/experiment3.X/newpic_8b_simple.asm
                   LIGHT3   0x000059    program     static /Users/luchixiang/MPLABXProjects/experiment3.X/newpic_8b_simple.asm
                    START   0x00005d    program     static /Users/luchixiang/MPLABXProjects/experiment3.X/newpic_8b_simple.asm
                 MAINLOOP   0x000075    program     static /Users/luchixiang/MPLABXProjects/experiment3.X/newpic_8b_simple.asm


