MPLINK 5.09, LINKER
Linker Map File - Created Wed Aug 21 21:02:09 2019

                                 Section Info
                  Section       Type    Address   Location Size(Bytes)
                ---------  ---------  ---------  ---------  ---------
                 RES_VECT       code   0x000000    program   0x000002
                   .cinit    romdata   0x000001    program   0x000004
                      isr       code   0x000040    program   0x000048
.config_8007_BUILD/DEFAULT/DEBUG/NEWPIC_8B_SI       code   0x008007    program   0x000002
.config_8008_BUILD/DEFAULT/DEBUG/NEWPIC_8B_SI       code   0x008008    program   0x000002
               .udata_shr      udata   0x000070       data   0x000003



                              Program Memory Usage 
                               Start         End      
                           ---------   ---------      
                            0x000000    0x000002      
                            0x000040    0x000063      
                            0x008007    0x008008      
            41 out of 8455 program addresses used, program memory utilization is 0%



                              Symbols - Sorted by Name
                     Name    Address   Location    Storage File                     
                ---------  ---------  ---------  --------- ---------                
                   LIGHT1   0x00004a    program     static /Users/luchixiang/MPLABXProjects/experiment3.X/newpic_8b_simple.asm
                   LIGHT2   0x00004e    program     static /Users/luchixiang/MPLABXProjects/experiment3.X/newpic_8b_simple.asm
                 MAINLOOP   0x000062    program     static /Users/luchixiang/MPLABXProjects/experiment3.X/newpic_8b_simple.asm
                    START   0x000052    program     static /Users/luchixiang/MPLABXProjects/experiment3.X/newpic_8b_simple.asm
                 RESERVE1   0x000070       data     static /Users/luchixiang/MPLABXProjects/experiment3.X/newpic_8b_simple.asm
                 RESERVE2   0x000071       data     static /Users/luchixiang/MPLABXProjects/experiment3.X/newpic_8b_simple.asm



                              Symbols - Sorted by Address
                     Name    Address   Location    Storage File                     
                ---------  ---------  ---------  --------- ---------                
                   LIGHT1   0x00004a    program     static /Users/luchixiang/MPLABXProjects/experiment3.X/newpic_8b_simple.asm
                   LIGHT2   0x00004e    program     static /Users/luchixiang/MPLABXProjects/experiment3.X/newpic_8b_simple.asm
                    START   0x000052    program     static /Users/luchixiang/MPLABXProjects/experiment3.X/newpic_8b_simple.asm
                 MAINLOOP   0x000062    program     static /Users/luchixiang/MPLABXProjects/experiment3.X/newpic_8b_simple.asm
                 RESERVE1   0x000070       data     static /Users/luchixiang/MPLABXProjects/experiment3.X/newpic_8b_simple.asm
                 RESERVE2   0x000071       data     static /Users/luchixiang/MPLABXProjects/experiment3.X/newpic_8b_simple.asm


