MPLINK 5.09, LINKER
Linker Map File - Created Fri Aug 23 13:41:40 2019

                                 Section Info
                  Section       Type    Address   Location Size(Bytes)
                ---------  ---------  ---------  ---------  ---------
                 RES_VECT       code   0x000000    program   0x000004
                   .cinit    romdata   0x000002    program   0x000004
                      isr       code   0x000040    program   0x00008c
.config_8007_BUILD/DEFAULT/PRODUCTION/MAIN.O       code   0x008007    program   0x000002
.config_8008_BUILD/DEFAULT/PRODUCTION/MAIN.O       code   0x008008    program   0x000002
               .udata_shr      udata   0x000070       data   0x000003



                              Program Memory Usage 
                               Start         End      
                           ---------   ---------      
                            0x000000    0x000003      
                            0x000040    0x000085      
                            0x008007    0x008008      
            76 out of 8455 program addresses used, program memory utilization is 0%



                              Symbols - Sorted by Name
                     Name    Address   Location    Storage File                     
                ---------  ---------  ---------  --------- ---------                
                   CHANGE   0x000058    program     static /Users/luchixiang/MPLABXProjects/experiment4.X/main.asm
                    CLEAR   0x00005c    program     static /Users/luchixiang/MPLABXProjects/experiment4.X/main.asm
                CONSTANTS   0x000064    program     static /Users/luchixiang/MPLABXProjects/experiment4.X/main.asm
                    LIGHT   0x000046    program     static /Users/luchixiang/MPLABXProjects/experiment4.X/main.asm
                 MAINLOOP   0x000084    program     static /Users/luchixiang/MPLABXProjects/experiment4.X/main.asm
                    START   0x000069    program     static /Users/luchixiang/MPLABXProjects/experiment4.X/main.asm
                   LENGTH   0x000072       data     static /Users/luchixiang/MPLABXProjects/experiment4.X/main.asm
                  LOOPNUM   0x000071       data     static /Users/luchixiang/MPLABXProjects/experiment4.X/main.asm
                      NUM   0x000070       data     static /Users/luchixiang/MPLABXProjects/experiment4.X/main.asm



                              Symbols - Sorted by Address
                     Name    Address   Location    Storage File                     
                ---------  ---------  ---------  --------- ---------                
                    LIGHT   0x000046    program     static /Users/luchixiang/MPLABXProjects/experiment4.X/main.asm
                   CHANGE   0x000058    program     static /Users/luchixiang/MPLABXProjects/experiment4.X/main.asm
                    CLEAR   0x00005c    program     static /Users/luchixiang/MPLABXProjects/experiment4.X/main.asm
                CONSTANTS   0x000064    program     static /Users/luchixiang/MPLABXProjects/experiment4.X/main.asm
                    START   0x000069    program     static /Users/luchixiang/MPLABXProjects/experiment4.X/main.asm
                 MAINLOOP   0x000084    program     static /Users/luchixiang/MPLABXProjects/experiment4.X/main.asm
                      NUM   0x000070       data     static /Users/luchixiang/MPLABXProjects/experiment4.X/main.asm
                  LOOPNUM   0x000071       data     static /Users/luchixiang/MPLABXProjects/experiment4.X/main.asm
                   LENGTH   0x000072       data     static /Users/luchixiang/MPLABXProjects/experiment4.X/main.asm


