MPLINK 5.09, LINKER
Linker Map File - Created Wed Aug 21 14:35:06 2019

                                 Section Info
                  Section       Type    Address   Location Size(Bytes)
                ---------  ---------  ---------  ---------  ---------
                 RES_VECT       code   0x000000    program   0x000002
                   .cinit    romdata   0x000001    program   0x000004
                MAIN_PROG       code   0x000003    program   0x000040
.config_8007_BUILD/DEFAULT/DEBUG/NEWPIC_8B_SI       code   0x008007    program   0x000002
.config_8008_BUILD/DEFAULT/DEBUG/NEWPIC_8B_SI       code   0x008008    program   0x000002



                              Program Memory Usage 
                               Start         End      
                           ---------   ---------      
                            0x000000    0x000022      
                            0x008007    0x008008      
            37 out of 8455 program addresses used, program memory utilization is 0%



                              Symbols - Sorted by Name
                     Name    Address   Location    Storage File                     
                ---------  ---------  ---------  --------- ---------                
                    LOOP0   0x000014    program     static /Users/luchixiang/MPLABXProjects/experiment2.X/newpic_8b_simple.asm
                    LOOP1   0x000017    program     static /Users/luchixiang/MPLABXProjects/experiment2.X/newpic_8b_simple.asm
                    LOOP3   0x00001c    program     static /Users/luchixiang/MPLABXProjects/experiment2.X/newpic_8b_simple.asm
                 MAINLOOP   0x000010    program     static /Users/luchixiang/MPLABXProjects/experiment2.X/newpic_8b_simple.asm
                    START   0x000003    program     static /Users/luchixiang/MPLABXProjects/experiment2.X/newpic_8b_simple.asm



                              Symbols - Sorted by Address
                     Name    Address   Location    Storage File                     
                ---------  ---------  ---------  --------- ---------                
                    START   0x000003    program     static /Users/luchixiang/MPLABXProjects/experiment2.X/newpic_8b_simple.asm
                 MAINLOOP   0x000010    program     static /Users/luchixiang/MPLABXProjects/experiment2.X/newpic_8b_simple.asm
                    LOOP0   0x000014    program     static /Users/luchixiang/MPLABXProjects/experiment2.X/newpic_8b_simple.asm
                    LOOP1   0x000017    program     static /Users/luchixiang/MPLABXProjects/experiment2.X/newpic_8b_simple.asm
                    LOOP3   0x00001c    program     static /Users/luchixiang/MPLABXProjects/experiment2.X/newpic_8b_simple.asm


