MPLINK 5.09, LINKER
Linker Map File - Created Sun Aug 25 09:30:16 2019

                                 Section Info
                  Section       Type    Address   Location Size(Bytes)
                ---------  ---------  ---------  ---------  ---------
                 RES_VECT       code   0x000000    program   0x000004
                   .cinit    romdata   0x000002    program   0x000004
                      isr       code   0x000040    program   0x0000e2
.config_8007_BUILD/DEFAULT/DEBUG/MAIN.O       code   0x008007    program   0x000002
.config_8008_BUILD/DEFAULT/DEBUG/MAIN.O       code   0x008008    program   0x000002
               .udata_shr      udata   0x000070       data   0x000005



                              Program Memory Usage 
                               Start         End      
                           ---------   ---------      
                            0x000000    0x000003      
                            0x000040    0x0000b0      
                            0x008007    0x008008      
            119 out of 8455 program addresses used, program memory utilization is 1%



                              Symbols - Sorted by Name
                     Name    Address   Location    Storage File                     
                ---------  ---------  ---------  --------- ---------                
                   CHANGE   0x00006a    program     static /Users/luchixiang/MPLABXProjects/experiment4.X/main.asm
                    CLEAR   0x00006e    program     static /Users/luchixiang/MPLABXProjects/experiment4.X/main.asm
                CONSTANTS   0x000073    program     static /Users/luchixiang/MPLABXProjects/experiment4.X/main.asm
              DATA_SWITCH   0x00004f    program     static /Users/luchixiang/MPLABXProjects/experiment4.X/main.asm
                     FAST   0x000053    program     static /Users/luchixiang/MPLABXProjects/experiment4.X/main.asm
                    LIGHT   0x000057    program     static /Users/luchixiang/MPLABXProjects/experiment4.X/main.asm
                    LOOP2   0x000095    program     static /Users/luchixiang/MPLABXProjects/experiment4.X/main.asm
                 MAINLOOP   0x0000af    program     static /Users/luchixiang/MPLABXProjects/experiment4.X/main.asm
                    START   0x000079    program     static /Users/luchixiang/MPLABXProjects/experiment4.X/main.asm
                STARTLOOP   0x000095    program     static /Users/luchixiang/MPLABXProjects/experiment4.X/main.asm
                   LENGTH   0x000072       data     static /Users/luchixiang/MPLABXProjects/experiment4.X/main.asm
                 LOOP2NUM   0x000074       data     static /Users/luchixiang/MPLABXProjects/experiment4.X/main.asm
                  LOOPCNT   0x000071       data     static /Users/luchixiang/MPLABXProjects/experiment4.X/main.asm
                    ORDER   0x000070       data     static /Users/luchixiang/MPLABXProjects/experiment4.X/main.asm
                STARTTIME   0x000073       data     static /Users/luchixiang/MPLABXProjects/experiment4.X/main.asm



                              Symbols - Sorted by Address
                     Name    Address   Location    Storage File                     
                ---------  ---------  ---------  --------- ---------                
              DATA_SWITCH   0x00004f    program     static /Users/luchixiang/MPLABXProjects/experiment4.X/main.asm
                     FAST   0x000053    program     static /Users/luchixiang/MPLABXProjects/experiment4.X/main.asm
                    LIGHT   0x000057    program     static /Users/luchixiang/MPLABXProjects/experiment4.X/main.asm
                   CHANGE   0x00006a    program     static /Users/luchixiang/MPLABXProjects/experiment4.X/main.asm
                    CLEAR   0x00006e    program     static /Users/luchixiang/MPLABXProjects/experiment4.X/main.asm
                CONSTANTS   0x000073    program     static /Users/luchixiang/MPLABXProjects/experiment4.X/main.asm
                    START   0x000079    program     static /Users/luchixiang/MPLABXProjects/experiment4.X/main.asm
                    LOOP2   0x000095    program     static /Users/luchixiang/MPLABXProjects/experiment4.X/main.asm
                STARTLOOP   0x000095    program     static /Users/luchixiang/MPLABXProjects/experiment4.X/main.asm
                 MAINLOOP   0x0000af    program     static /Users/luchixiang/MPLABXProjects/experiment4.X/main.asm
                    ORDER   0x000070       data     static /Users/luchixiang/MPLABXProjects/experiment4.X/main.asm
                  LOOPCNT   0x000071       data     static /Users/luchixiang/MPLABXProjects/experiment4.X/main.asm
                   LENGTH   0x000072       data     static /Users/luchixiang/MPLABXProjects/experiment4.X/main.asm
                STARTTIME   0x000073       data     static /Users/luchixiang/MPLABXProjects/experiment4.X/main.asm
                 LOOP2NUM   0x000074       data     static /Users/luchixiang/MPLABXProjects/experiment4.X/main.asm


